[2025-07-04T20:02:56.572+0000] {local_task_job_runner.py:123} INFO - ::group::Pre task execution logs
[2025-07-04T20:02:56.590+0000] {taskinstance.py:2612} INFO - Dependencies all met for dep_context=non-requeueable deps ti=<TaskInstance: extract_raw_data_pipeline.run_dbt_trusted manual__2025-07-04T20:02:25+00:00 [queued]>
[2025-07-04T20:02:56.598+0000] {taskinstance.py:2612} INFO - Dependencies all met for dep_context=requeueable deps ti=<TaskInstance: extract_raw_data_pipeline.run_dbt_trusted manual__2025-07-04T20:02:25+00:00 [queued]>
[2025-07-04T20:02:56.599+0000] {taskinstance.py:2865} INFO - Starting attempt 1 of 1
[2025-07-04T20:02:56.613+0000] {taskinstance.py:2888} INFO - Executing <Task(BashOperator): run_dbt_trusted> on 2025-07-04 20:02:25+00:00
[2025-07-04T20:02:56.620+0000] {warnings.py:112} WARNING - /home/***/.local/lib/python3.12/site-packages/***/task/task_runner/standard_task_runner.py:70: DeprecationWarning: This process (pid=129) is multi-threaded, use of fork() may lead to deadlocks in the child.
  pid = os.fork()

[2025-07-04T20:02:56.622+0000] {standard_task_runner.py:72} INFO - Started process 131 to run task
[2025-07-04T20:02:56.622+0000] {standard_task_runner.py:104} INFO - Running: ['***', 'tasks', 'run', 'extract_raw_data_pipeline', 'run_dbt_trusted', 'manual__2025-07-04T20:02:25+00:00', '--job-id', '19', '--raw', '--subdir', 'DAGS_FOLDER/extract_raw_data_pipeline.py', '--cfg-path', '/tmp/tmpenahapf3']
[2025-07-04T20:02:56.625+0000] {standard_task_runner.py:105} INFO - Job 19: Subtask run_dbt_trusted
[2025-07-04T20:02:56.700+0000] {task_command.py:467} INFO - Running <TaskInstance: extract_raw_data_pipeline.run_dbt_trusted manual__2025-07-04T20:02:25+00:00 [running]> on host 02f9d687fa26
[2025-07-04T20:02:57.074+0000] {taskinstance.py:3131} INFO - Exporting env vars: AIRFLOW_CTX_DAG_OWNER='***' AIRFLOW_CTX_DAG_ID='extract_raw_data_pipeline' AIRFLOW_CTX_TASK_ID='run_dbt_trusted' AIRFLOW_CTX_EXECUTION_DATE='2025-07-04T20:02:25+00:00' AIRFLOW_CTX_TRY_NUMBER='1' AIRFLOW_CTX_DAG_RUN_ID='manual__2025-07-04T20:02:25+00:00'
[2025-07-04T20:02:57.076+0000] {taskinstance.py:731} INFO - ::endgroup::
[2025-07-04T20:02:57.090+0000] {subprocess.py:63} INFO - Tmp dir root location: /tmp
[2025-07-04T20:02:57.092+0000] {subprocess.py:75} INFO - Running command: ['/usr/bin/bash', '-c', 'set -x; cd /opt/***/dbt && dbt run --select tag:trusted']
[2025-07-04T20:02:57.105+0000] {subprocess.py:86} INFO - Output:
[2025-07-04T20:02:57.107+0000] {subprocess.py:93} INFO - + cd /opt/***/dbt
[2025-07-04T20:02:57.109+0000] {subprocess.py:93} INFO - + dbt run --select tag:trusted
[2025-07-04T20:03:00.521+0000] {subprocess.py:93} INFO - [0m20:03:00  Running with dbt=1.8.0
[2025-07-04T20:03:00.821+0000] {subprocess.py:93} INFO - [0m20:03:00  Registered adapter: postgres=1.8.2
[2025-07-04T20:03:01.477+0000] {subprocess.py:93} INFO - [0m20:03:01  Found 9 models, 10 sources, 428 macros
[2025-07-04T20:03:01.485+0000] {subprocess.py:93} INFO - [0m20:03:01
[2025-07-04T20:03:02.342+0000] {subprocess.py:93} INFO - [0m20:03:02  Concurrency: 1 threads (target='dev')
[2025-07-04T20:03:02.343+0000] {subprocess.py:93} INFO - [0m20:03:02
[2025-07-04T20:03:02.353+0000] {subprocess.py:93} INFO - [0m20:03:02  1 of 4 START sql table model driven_trusted.non_pii_data ....................... [RUN]
[2025-07-04T20:03:02.495+0000] {subprocess.py:93} INFO - [0m20:03:02  1 of 4 OK created sql table model driven_trusted.non_pii_data .................. [[32mSELECT 1[0m in 0.14s]
[2025-07-04T20:03:02.497+0000] {subprocess.py:93} INFO - [0m20:03:02  2 of 4 START sql table model driven_trusted.payment_data ....................... [RUN]
[2025-07-04T20:03:02.556+0000] {subprocess.py:93} INFO - [0m20:03:02  2 of 4 OK created sql table model driven_trusted.payment_data .................. [[32mSELECT 1[0m in 0.06s]
[2025-07-04T20:03:02.559+0000] {subprocess.py:93} INFO - [0m20:03:02  3 of 4 START sql table model driven_trusted.pii_data ........................... [RUN]
[2025-07-04T20:03:02.629+0000] {subprocess.py:93} INFO - [0m20:03:02  3 of 4 OK created sql table model driven_trusted.pii_data ...................... [[32mSELECT 1[0m in 0.07s]
[2025-07-04T20:03:02.632+0000] {subprocess.py:93} INFO - [0m20:03:02  4 of 4 START sql table model driven_trusted.technical_data ..................... [RUN]
[2025-07-04T20:03:02.714+0000] {subprocess.py:93} INFO - [0m20:03:02  4 of 4 OK created sql table model driven_trusted.technical_data ................ [[32mSELECT 1[0m in 0.08s]
[2025-07-04T20:03:02.736+0000] {subprocess.py:93} INFO - [0m20:03:02
[2025-07-04T20:03:02.737+0000] {subprocess.py:93} INFO - [0m20:03:02  Finished running 4 table models in 0 hours 0 minutes and 1.25 seconds (1.25s).
[2025-07-04T20:03:02.791+0000] {subprocess.py:93} INFO - [0m20:03:02
[2025-07-04T20:03:02.792+0000] {subprocess.py:93} INFO - [0m20:03:02  [32mCompleted successfully[0m
[2025-07-04T20:03:02.794+0000] {subprocess.py:93} INFO - [0m20:03:02
[2025-07-04T20:03:02.795+0000] {subprocess.py:93} INFO - [0m20:03:02  Done. PASS=4 WARN=0 ERROR=0 SKIP=0 TOTAL=4
[2025-07-04T20:03:03.554+0000] {subprocess.py:97} INFO - Command exited with return code 0
[2025-07-04T20:03:03.578+0000] {taskinstance.py:340} INFO - ::group::Post task execution logs
[2025-07-04T20:03:03.579+0000] {taskinstance.py:352} INFO - Marking task as SUCCESS. dag_id=extract_raw_data_pipeline, task_id=run_dbt_trusted, run_id=manual__2025-07-04T20:02:25+00:00, execution_date=20250704T200225, start_date=20250704T200256, end_date=20250704T200303
[2025-07-04T20:03:03.607+0000] {local_task_job_runner.py:266} INFO - Task exited with return code 0
[2025-07-04T20:03:03.619+0000] {taskinstance.py:3900} INFO - 0 downstream tasks scheduled from follow-on schedule check
[2025-07-04T20:03:03.622+0000] {local_task_job_runner.py:245} INFO - ::endgroup::
