[2025-07-04T19:13:10.332+0000] {executor_loader.py:254} INFO - Loaded executor: CeleryExecutor
[2025-07-04T19:13:10.333+0000] {logging_mixin.py:190} INFO - Sending to executor.
[2025-07-04T19:13:10.333+0000] {base_executor.py:168} INFO - Adding to queue: ['***', 'tasks', 'run', 'extract_raw_data_pipeline', 'start', 'manual__2025-07-04T19:08:16+00:00', '--local', '--pool', 'default_pool', '--subdir', 'DAGS_FOLDER/extract_raw_data_pipeline.py']
[2025-07-04T19:13:13.119+0000] {local_task_job_runner.py:123} INFO - ::group::Pre task execution logs
[2025-07-04T19:13:13.139+0000] {taskinstance.py:2612} INFO - Dependencies all met for dep_context=non-requeueable deps ti=<TaskInstance: extract_raw_data_pipeline.start manual__2025-07-04T19:08:16+00:00 [None]>
[2025-07-04T19:13:13.153+0000] {taskinstance.py:2612} INFO - Dependencies all met for dep_context=requeueable deps ti=<TaskInstance: extract_raw_data_pipeline.start manual__2025-07-04T19:08:16+00:00 [None]>
[2025-07-04T19:13:13.153+0000] {taskinstance.py:2865} INFO - Starting attempt 0 of 1
[2025-07-04T19:13:13.155+0000] {taskinstance.py:2946} WARNING - cannot record queued_duration for task start because previous state change time has not been saved
[2025-07-04T19:13:13.176+0000] {taskinstance.py:2888} INFO - Executing <Task(EmptyOperator): start> on 2025-07-04 19:08:16+00:00
[2025-07-04T19:13:13.186+0000] {warnings.py:112} WARNING - /home/***/.local/lib/python3.12/site-packages/***/task/task_runner/standard_task_runner.py:70: DeprecationWarning: This process (pid=149) is multi-threaded, use of fork() may lead to deadlocks in the child.
  pid = os.fork()

[2025-07-04T19:13:13.188+0000] {standard_task_runner.py:72} INFO - Started process 151 to run task
[2025-07-04T19:13:13.189+0000] {standard_task_runner.py:104} INFO - Running: ['***', 'tasks', 'run', 'extract_raw_data_pipeline', 'start', 'manual__2025-07-04T19:08:16+00:00', '--job-id', '3', '--pool', 'default_pool', '--raw', '--subdir', 'DAGS_FOLDER/extract_raw_data_pipeline.py', '--cfg-path', '/tmp/tmpvl9dk5gc']
[2025-07-04T19:13:13.192+0000] {standard_task_runner.py:105} INFO - Job 3: Subtask start
[2025-07-04T19:13:13.844+0000] {task_command.py:467} INFO - Running <TaskInstance: extract_raw_data_pipeline.start manual__2025-07-04T19:08:16+00:00 [running]> on host 561229bf1135
[2025-07-04T19:13:13.944+0000] {taskinstance.py:3131} INFO - Exporting env vars: AIRFLOW_CTX_DAG_OWNER='***' AIRFLOW_CTX_DAG_ID='extract_raw_data_pipeline' AIRFLOW_CTX_TASK_ID='start' AIRFLOW_CTX_EXECUTION_DATE='2025-07-04T19:08:16+00:00' AIRFLOW_CTX_DAG_RUN_ID='manual__2025-07-04T19:08:16+00:00'
[2025-07-04T19:13:13.945+0000] {taskinstance.py:731} INFO - ::endgroup::
[2025-07-04T19:13:14.000+0000] {taskinstance.py:340} INFO - ::group::Post task execution logs
[2025-07-04T19:13:14.001+0000] {taskinstance.py:352} INFO - Marking task as SUCCESS. dag_id=extract_raw_data_pipeline, task_id=start, run_id=manual__2025-07-04T19:08:16+00:00, execution_date=20250704T190816, start_date=20250704T191313, end_date=20250704T191314
[2025-07-04T19:13:14.049+0000] {local_task_job_runner.py:266} INFO - Task exited with return code 0
[2025-07-04T19:13:14.258+0000] {taskinstance.py:3900} INFO - 1 downstream tasks scheduled from follow-on schedule check
[2025-07-04T19:13:14.264+0000] {local_task_job_runner.py:245} INFO - ::endgroup::
