[2025-07-04T20:02:29.231+0000] {local_task_job_runner.py:123} INFO - ::group::Pre task execution logs
[2025-07-04T20:02:29.254+0000] {taskinstance.py:2612} INFO - Dependencies all met for dep_context=non-requeueable deps ti=<TaskInstance: extract_raw_data_pipeline.extract_raw_data manual__2025-07-04T20:02:25+00:00 [queued]>
[2025-07-04T20:02:29.265+0000] {taskinstance.py:2612} INFO - Dependencies all met for dep_context=requeueable deps ti=<TaskInstance: extract_raw_data_pipeline.extract_raw_data manual__2025-07-04T20:02:25+00:00 [queued]>
[2025-07-04T20:02:29.266+0000] {taskinstance.py:2865} INFO - Starting attempt 1 of 1
[2025-07-04T20:02:29.284+0000] {taskinstance.py:2888} INFO - Executing <Task(PythonOperator): extract_raw_data> on 2025-07-04 20:02:25+00:00
[2025-07-04T20:02:29.297+0000] {warnings.py:112} WARNING - /home/***/.local/lib/python3.12/site-packages/***/task/task_runner/standard_task_runner.py:70: DeprecationWarning: This process (pid=89) is multi-threaded, use of fork() may lead to deadlocks in the child.
  pid = os.fork()

[2025-07-04T20:02:29.301+0000] {standard_task_runner.py:72} INFO - Started process 92 to run task
[2025-07-04T20:02:29.308+0000] {standard_task_runner.py:104} INFO - Running: ['***', 'tasks', 'run', 'extract_raw_data_pipeline', 'extract_raw_data', 'manual__2025-07-04T20:02:25+00:00', '--job-id', '15', '--raw', '--subdir', 'DAGS_FOLDER/extract_raw_data_pipeline.py', '--cfg-path', '/tmp/tmp23qqmu82']
[2025-07-04T20:02:29.317+0000] {standard_task_runner.py:105} INFO - Job 15: Subtask extract_raw_data
[2025-07-04T20:02:30.829+0000] {task_command.py:467} INFO - Running <TaskInstance: extract_raw_data_pipeline.extract_raw_data manual__2025-07-04T20:02:25+00:00 [running]> on host 02f9d687fa26
[2025-07-04T20:02:31.056+0000] {taskinstance.py:3131} INFO - Exporting env vars: AIRFLOW_CTX_DAG_OWNER='***' AIRFLOW_CTX_DAG_ID='extract_raw_data_pipeline' AIRFLOW_CTX_TASK_ID='extract_raw_data' AIRFLOW_CTX_EXECUTION_DATE='2025-07-04T20:02:25+00:00' AIRFLOW_CTX_TRY_NUMBER='1' AIRFLOW_CTX_DAG_RUN_ID='manual__2025-07-04T20:02:25+00:00'
[2025-07-04T20:02:31.057+0000] {taskinstance.py:731} INFO - ::endgroup::
[2025-07-04T20:02:31.146+0000] {logging_mixin.py:190} INFO - Extrayendo datos crudos desde la fuente... 🛠️
[2025-07-04T20:02:31.188+0000] {logging_mixin.py:190} INFO - ✅ Archivo guardado como /opt/***/data/raw_data.csv
[2025-07-04T20:02:31.189+0000] {python.py:240} INFO - Done. Returned value was: None
[2025-07-04T20:02:31.205+0000] {taskinstance.py:340} INFO - ::group::Post task execution logs
[2025-07-04T20:02:31.205+0000] {taskinstance.py:352} INFO - Marking task as SUCCESS. dag_id=extract_raw_data_pipeline, task_id=extract_raw_data, run_id=manual__2025-07-04T20:02:25+00:00, execution_date=20250704T200225, start_date=20250704T200229, end_date=20250704T200231
[2025-07-04T20:02:31.329+0000] {local_task_job_runner.py:266} INFO - Task exited with return code 0
[2025-07-04T20:02:31.365+0000] {local_task_job_runner.py:245} INFO - ::endgroup::
