[2025-07-04T19:22:19.719+0000] {local_task_job_runner.py:123} INFO - ::group::Pre task execution logs
[2025-07-04T19:22:19.743+0000] {taskinstance.py:2612} INFO - Dependencies all met for dep_context=non-requeueable deps ti=<TaskInstance: extract_raw_data_pipeline.extract_raw_data manual__2025-07-04T19:08:16+00:00 [queued]>
[2025-07-04T19:22:19.755+0000] {taskinstance.py:2612} INFO - Dependencies all met for dep_context=requeueable deps ti=<TaskInstance: extract_raw_data_pipeline.extract_raw_data manual__2025-07-04T19:08:16+00:00 [queued]>
[2025-07-04T19:22:19.756+0000] {taskinstance.py:2865} INFO - Starting attempt 1 of 1
[2025-07-04T19:22:19.774+0000] {taskinstance.py:2888} INFO - Executing <Task(PythonOperator): extract_raw_data> on 2025-07-04 19:08:16+00:00
[2025-07-04T19:22:19.788+0000] {warnings.py:112} WARNING - /home/***/.local/lib/python3.12/site-packages/***/task/task_runner/standard_task_runner.py:70: DeprecationWarning: This process (pid=271) is multi-threaded, use of fork() may lead to deadlocks in the child.
  pid = os.fork()

[2025-07-04T19:22:19.792+0000] {standard_task_runner.py:72} INFO - Started process 279 to run task
[2025-07-04T19:22:19.791+0000] {standard_task_runner.py:104} INFO - Running: ['***', 'tasks', 'run', 'extract_raw_data_pipeline', 'extract_raw_data', 'manual__2025-07-04T19:08:16+00:00', '--job-id', '7', '--raw', '--subdir', 'DAGS_FOLDER/extract_raw_data_pipeline.py', '--cfg-path', '/tmp/tmp58k3m0j_']
[2025-07-04T19:22:19.799+0000] {standard_task_runner.py:105} INFO - Job 7: Subtask extract_raw_data
[2025-07-04T19:22:19.903+0000] {task_command.py:467} INFO - Running <TaskInstance: extract_raw_data_pipeline.extract_raw_data manual__2025-07-04T19:08:16+00:00 [running]> on host 561229bf1135
[2025-07-04T19:22:19.996+0000] {taskinstance.py:3131} INFO - Exporting env vars: AIRFLOW_CTX_DAG_OWNER='***' AIRFLOW_CTX_DAG_ID='extract_raw_data_pipeline' AIRFLOW_CTX_TASK_ID='extract_raw_data' AIRFLOW_CTX_EXECUTION_DATE='2025-07-04T19:08:16+00:00' AIRFLOW_CTX_TRY_NUMBER='1' AIRFLOW_CTX_DAG_RUN_ID='manual__2025-07-04T19:08:16+00:00'
[2025-07-04T19:22:19.998+0000] {taskinstance.py:731} INFO - ::endgroup::
[2025-07-04T19:22:20.011+0000] {logging_mixin.py:190} INFO - Extrayendo datos crudos desde la fuente... 🛠️
[2025-07-04T19:22:20.023+0000] {logging_mixin.py:190} INFO - ✅ Archivo guardado como /opt/***/data/raw_data.csv
[2025-07-04T19:22:20.023+0000] {python.py:240} INFO - Done. Returned value was: None
[2025-07-04T19:22:20.035+0000] {taskinstance.py:340} INFO - ::group::Post task execution logs
[2025-07-04T19:22:20.036+0000] {taskinstance.py:352} INFO - Marking task as SUCCESS. dag_id=extract_raw_data_pipeline, task_id=extract_raw_data, run_id=manual__2025-07-04T19:08:16+00:00, execution_date=20250704T190816, start_date=20250704T192219, end_date=20250704T192220
[2025-07-04T19:22:20.098+0000] {local_task_job_runner.py:266} INFO - Task exited with return code 0
[2025-07-04T19:22:20.118+0000] {taskinstance.py:3900} INFO - 0 downstream tasks scheduled from follow-on schedule check
[2025-07-04T19:22:20.120+0000] {local_task_job_runner.py:245} INFO - ::endgroup::
[2025-07-04T19:22:59.819+0000] {executor_loader.py:254} INFO - Loaded executor: CeleryExecutor
[2025-07-04T19:22:59.820+0000] {logging_mixin.py:190} INFO - Sending to executor.
[2025-07-04T19:22:59.821+0000] {base_executor.py:168} INFO - Adding to queue: ['***', 'tasks', 'run', 'extract_raw_data_pipeline', 'extract_raw_data', 'manual__2025-07-04T19:08:16+00:00', '--local', '--pool', 'default_pool', '--subdir', 'DAGS_FOLDER/extract_raw_data_pipeline.py']
[2025-07-04T19:23:01.655+0000] {local_task_job_runner.py:123} INFO - ::group::Pre task execution logs
[2025-07-04T19:23:01.664+0000] {taskinstance.py:2602} INFO - Dependencies not met for <TaskInstance: extract_raw_data_pipeline.extract_raw_data manual__2025-07-04T19:08:16+00:00 [success]>, dependency 'Task Instance State' FAILED: Task is in the 'success' state.
[2025-07-04T19:23:01.678+0000] {local_task_job_runner.py:166} INFO - Task is not able to be run
