[2025-07-04T20:02:29.238+0000] {local_task_job_runner.py:123} INFO - ::group::Pre task execution logs
[2025-07-04T20:02:29.263+0000] {taskinstance.py:2612} INFO - Dependencies all met for dep_context=non-requeueable deps ti=<TaskInstance: extract_raw_data_pipeline.create_raw_schema manual__2025-07-04T20:02:25+00:00 [queued]>
[2025-07-04T20:02:29.273+0000] {taskinstance.py:2612} INFO - Dependencies all met for dep_context=requeueable deps ti=<TaskInstance: extract_raw_data_pipeline.create_raw_schema manual__2025-07-04T20:02:25+00:00 [queued]>
[2025-07-04T20:02:29.275+0000] {taskinstance.py:2865} INFO - Starting attempt 1 of 1
[2025-07-04T20:02:29.294+0000] {taskinstance.py:2888} INFO - Executing <Task(SQLExecuteQueryOperator): create_raw_schema> on 2025-07-04 20:02:25+00:00
[2025-07-04T20:02:29.319+0000] {warnings.py:112} WARNING - /home/***/.local/lib/python3.12/site-packages/***/task/task_runner/standard_task_runner.py:70: DeprecationWarning: This process (pid=88) is multi-threaded, use of fork() may lead to deadlocks in the child.
  pid = os.fork()

[2025-07-04T20:02:29.318+0000] {standard_task_runner.py:104} INFO - Running: ['***', 'tasks', 'run', 'extract_raw_data_pipeline', 'create_raw_schema', 'manual__2025-07-04T20:02:25+00:00', '--job-id', '14', '--raw', '--subdir', 'DAGS_FOLDER/extract_raw_data_pipeline.py', '--cfg-path', '/tmp/tmpp7lhq2ik']
[2025-07-04T20:02:29.323+0000] {standard_task_runner.py:72} INFO - Started process 94 to run task
[2025-07-04T20:02:29.323+0000] {standard_task_runner.py:105} INFO - Job 14: Subtask create_raw_schema
[2025-07-04T20:02:30.829+0000] {task_command.py:467} INFO - Running <TaskInstance: extract_raw_data_pipeline.create_raw_schema manual__2025-07-04T20:02:25+00:00 [running]> on host 02f9d687fa26
[2025-07-04T20:02:31.071+0000] {taskinstance.py:3131} INFO - Exporting env vars: AIRFLOW_CTX_DAG_OWNER='***' AIRFLOW_CTX_DAG_ID='extract_raw_data_pipeline' AIRFLOW_CTX_TASK_ID='create_raw_schema' AIRFLOW_CTX_EXECUTION_DATE='2025-07-04T20:02:25+00:00' AIRFLOW_CTX_TRY_NUMBER='1' AIRFLOW_CTX_DAG_RUN_ID='manual__2025-07-04T20:02:25+00:00'
[2025-07-04T20:02:31.073+0000] {taskinstance.py:731} INFO - ::endgroup::
[2025-07-04T20:02:31.146+0000] {sql.py:266} INFO - Executing: CREATE SCHEMA IF NOT EXISTS driven_raw;
[2025-07-04T20:02:31.164+0000] {base.py:84} INFO - Retrieving connection 'postgres_conn'
[2025-07-04T20:02:31.180+0000] {base.py:84} INFO - Retrieving connection 'postgres_conn'
[2025-07-04T20:02:31.188+0000] {sql.py:509} INFO - Running statement: CREATE SCHEMA IF NOT EXISTS driven_raw;, parameters: None
[2025-07-04T20:02:31.202+0000] {taskinstance.py:340} INFO - ::group::Post task execution logs
[2025-07-04T20:02:31.203+0000] {taskinstance.py:352} INFO - Marking task as SUCCESS. dag_id=extract_raw_data_pipeline, task_id=create_raw_schema, run_id=manual__2025-07-04T20:02:25+00:00, execution_date=20250704T200225, start_date=20250704T200229, end_date=20250704T200231
[2025-07-04T20:02:31.323+0000] {local_task_job_runner.py:266} INFO - Task exited with return code 0
[2025-07-04T20:02:31.774+0000] {taskinstance.py:3900} INFO - 1 downstream tasks scheduled from follow-on schedule check
[2025-07-04T20:02:33.435+0000] {local_task_job_runner.py:245} INFO - ::endgroup::
[2025-07-04T20:02:34.334+0000] {standard_task_runner.py:217} INFO - Process not found (most likely exited), stop collecting metrics
