[2025-07-04T20:02:42.547+0000] {local_task_job_runner.py:123} INFO - ::group::Pre task execution logs
[2025-07-04T20:02:42.570+0000] {taskinstance.py:2612} INFO - Dependencies all met for dep_context=non-requeueable deps ti=<TaskInstance: extract_raw_data_pipeline.run_dbt_staging manual__2025-07-04T20:02:25+00:00 [queued]>
[2025-07-04T20:02:42.578+0000] {taskinstance.py:2612} INFO - Dependencies all met for dep_context=requeueable deps ti=<TaskInstance: extract_raw_data_pipeline.run_dbt_staging manual__2025-07-04T20:02:25+00:00 [queued]>
[2025-07-04T20:02:42.579+0000] {taskinstance.py:2865} INFO - Starting attempt 1 of 1
[2025-07-04T20:02:42.598+0000] {taskinstance.py:2888} INFO - Executing <Task(BashOperator): run_dbt_staging> on 2025-07-04 20:02:25+00:00
[2025-07-04T20:02:42.607+0000] {warnings.py:112} WARNING - /home/***/.local/lib/python3.12/site-packages/***/task/task_runner/standard_task_runner.py:70: DeprecationWarning: This process (pid=111) is multi-threaded, use of fork() may lead to deadlocks in the child.
  pid = os.fork()

[2025-07-04T20:02:42.609+0000] {standard_task_runner.py:72} INFO - Started process 113 to run task
[2025-07-04T20:02:42.609+0000] {standard_task_runner.py:104} INFO - Running: ['***', 'tasks', 'run', 'extract_raw_data_pipeline', 'run_dbt_staging', 'manual__2025-07-04T20:02:25+00:00', '--job-id', '18', '--raw', '--subdir', 'DAGS_FOLDER/extract_raw_data_pipeline.py', '--cfg-path', '/tmp/tmp4f0q393n']
[2025-07-04T20:02:42.612+0000] {standard_task_runner.py:105} INFO - Job 18: Subtask run_dbt_staging
[2025-07-04T20:02:42.738+0000] {task_command.py:467} INFO - Running <TaskInstance: extract_raw_data_pipeline.run_dbt_staging manual__2025-07-04T20:02:25+00:00 [running]> on host 02f9d687fa26
[2025-07-04T20:02:43.196+0000] {taskinstance.py:3131} INFO - Exporting env vars: AIRFLOW_CTX_DAG_OWNER='***' AIRFLOW_CTX_DAG_ID='extract_raw_data_pipeline' AIRFLOW_CTX_TASK_ID='run_dbt_staging' AIRFLOW_CTX_EXECUTION_DATE='2025-07-04T20:02:25+00:00' AIRFLOW_CTX_TRY_NUMBER='1' AIRFLOW_CTX_DAG_RUN_ID='manual__2025-07-04T20:02:25+00:00'
[2025-07-04T20:02:43.200+0000] {taskinstance.py:731} INFO - ::endgroup::
[2025-07-04T20:02:43.220+0000] {subprocess.py:63} INFO - Tmp dir root location: /tmp
[2025-07-04T20:02:43.222+0000] {subprocess.py:75} INFO - Running command: ['/usr/bin/bash', '-c', 'set -x; cd /opt/***/dbt && dbt run --select tag:staging']
[2025-07-04T20:02:43.255+0000] {subprocess.py:86} INFO - Output:
[2025-07-04T20:02:43.269+0000] {subprocess.py:93} INFO - + cd /opt/***/dbt
[2025-07-04T20:02:43.270+0000] {subprocess.py:93} INFO - + dbt run --select tag:staging
[2025-07-04T20:02:48.634+0000] {subprocess.py:93} INFO - [0m20:02:48  Running with dbt=1.8.0
[2025-07-04T20:02:49.336+0000] {subprocess.py:93} INFO - [0m20:02:49  Registered adapter: postgres=1.8.2
[2025-07-04T20:02:49.693+0000] {subprocess.py:93} INFO - [0m20:02:49  Unable to do partial parsing because saved manifest not found. Starting full parse.
[2025-07-04T20:02:52.904+0000] {subprocess.py:93} INFO - [0m20:02:52  Found 9 models, 10 sources, 428 macros
[2025-07-04T20:02:52.911+0000] {subprocess.py:93} INFO - [0m20:02:52
[2025-07-04T20:02:53.072+0000] {subprocess.py:93} INFO - [0m20:02:53  Concurrency: 1 threads (target='dev')
[2025-07-04T20:02:53.074+0000] {subprocess.py:93} INFO - [0m20:02:53
[2025-07-04T20:02:53.085+0000] {subprocess.py:93} INFO - [0m20:02:53  1 of 5 START sql table model driven_staging.dim_address ........................ [RUN]
[2025-07-04T20:02:53.485+0000] {subprocess.py:93} INFO - [0m20:02:53  1 of 5 OK created sql table model driven_staging.dim_address ................... [[32mSELECT 1[0m in 0.39s]
[2025-07-04T20:02:53.489+0000] {subprocess.py:93} INFO - [0m20:02:53  2 of 5 START sql table model driven_staging.dim_date ........................... [RUN]
[2025-07-04T20:02:53.567+0000] {subprocess.py:93} INFO - [0m20:02:53  2 of 5 OK created sql table model driven_staging.dim_date ...................... [[32mSELECT 1[0m in 0.08s]
[2025-07-04T20:02:53.570+0000] {subprocess.py:93} INFO - [0m20:02:53  3 of 5 START sql table model driven_staging.dim_finance ........................ [RUN]
[2025-07-04T20:02:53.671+0000] {subprocess.py:93} INFO - [0m20:02:53  3 of 5 OK created sql table model driven_staging.dim_finance ................... [[32mSELECT 1[0m in 0.10s]
[2025-07-04T20:02:53.674+0000] {subprocess.py:93} INFO - [0m20:02:53  4 of 5 START sql table model driven_staging.dim_person ......................... [RUN]
[2025-07-04T20:02:53.741+0000] {subprocess.py:93} INFO - [0m20:02:53  4 of 5 OK created sql table model driven_staging.dim_person .................... [[32mSELECT 1[0m in 0.07s]
[2025-07-04T20:02:53.745+0000] {subprocess.py:93} INFO - [0m20:02:53  5 of 5 START sql table model driven_staging.fact_network_usage ................. [RUN]
[2025-07-04T20:02:53.841+0000] {subprocess.py:93} INFO - [0m20:02:53  5 of 5 OK created sql table model driven_staging.fact_network_usage ............ [[32mSELECT 1[0m in 0.09s]
[2025-07-04T20:02:53.874+0000] {subprocess.py:93} INFO - [0m20:02:53
[2025-07-04T20:02:53.876+0000] {subprocess.py:93} INFO - [0m20:02:53  Finished running 5 table models in 0 hours 0 minutes and 0.96 seconds (0.96s).
[2025-07-04T20:02:54.027+0000] {subprocess.py:93} INFO - [0m20:02:54
[2025-07-04T20:02:54.029+0000] {subprocess.py:93} INFO - [0m20:02:54  [32mCompleted successfully[0m
[2025-07-04T20:02:54.031+0000] {subprocess.py:93} INFO - [0m20:02:54
[2025-07-04T20:02:54.032+0000] {subprocess.py:93} INFO - [0m20:02:54  Done. PASS=5 WARN=0 ERROR=0 SKIP=0 TOTAL=5
[2025-07-04T20:02:55.054+0000] {subprocess.py:97} INFO - Command exited with return code 0
[2025-07-04T20:02:55.077+0000] {taskinstance.py:340} INFO - ::group::Post task execution logs
[2025-07-04T20:02:55.078+0000] {taskinstance.py:352} INFO - Marking task as SUCCESS. dag_id=extract_raw_data_pipeline, task_id=run_dbt_staging, run_id=manual__2025-07-04T20:02:25+00:00, execution_date=20250704T200225, start_date=20250704T200242, end_date=20250704T200255
[2025-07-04T20:02:55.114+0000] {local_task_job_runner.py:266} INFO - Task exited with return code 0
[2025-07-04T20:02:55.131+0000] {taskinstance.py:3900} INFO - 1 downstream tasks scheduled from follow-on schedule check
[2025-07-04T20:02:55.134+0000] {local_task_job_runner.py:245} INFO - ::endgroup::
