[2025-07-04T19:22:17.250+0000] {local_task_job_runner.py:123} INFO - ::group::Pre task execution logs
[2025-07-04T19:22:17.327+0000] {taskinstance.py:2612} INFO - Dependencies all met for dep_context=non-requeueable deps ti=<TaskInstance: extract_raw_data_pipeline.extract_raw_data scheduled__2025-07-03T07:00:00+00:00 [queued]>
[2025-07-04T19:22:17.345+0000] {taskinstance.py:2612} INFO - Dependencies all met for dep_context=requeueable deps ti=<TaskInstance: extract_raw_data_pipeline.extract_raw_data scheduled__2025-07-03T07:00:00+00:00 [queued]>
[2025-07-04T19:22:17.346+0000] {taskinstance.py:2865} INFO - Starting attempt 1 of 1
[2025-07-04T19:22:17.373+0000] {taskinstance.py:2888} INFO - Executing <Task(PythonOperator): extract_raw_data> on 2025-07-03 07:00:00+00:00
[2025-07-04T19:22:17.383+0000] {warnings.py:112} WARNING - /home/***/.local/lib/python3.12/site-packages/***/task/task_runner/standard_task_runner.py:70: DeprecationWarning: This process (pid=274) is multi-threaded, use of fork() may lead to deadlocks in the child.
  pid = os.fork()

[2025-07-04T19:22:17.386+0000] {standard_task_runner.py:72} INFO - Started process 277 to run task
[2025-07-04T19:22:17.385+0000] {standard_task_runner.py:104} INFO - Running: ['***', 'tasks', 'run', 'extract_raw_data_pipeline', 'extract_raw_data', 'scheduled__2025-07-03T07:00:00+00:00', '--job-id', '6', '--raw', '--subdir', 'DAGS_FOLDER/extract_raw_data_pipeline.py', '--cfg-path', '/tmp/tmp6tyyy6ea']
[2025-07-04T19:22:17.391+0000] {standard_task_runner.py:105} INFO - Job 6: Subtask extract_raw_data
[2025-07-04T19:22:17.480+0000] {task_command.py:467} INFO - Running <TaskInstance: extract_raw_data_pipeline.extract_raw_data scheduled__2025-07-03T07:00:00+00:00 [running]> on host 561229bf1135
[2025-07-04T19:22:19.744+0000] {taskinstance.py:3131} INFO - Exporting env vars: AIRFLOW_CTX_DAG_OWNER='***' AIRFLOW_CTX_DAG_ID='extract_raw_data_pipeline' AIRFLOW_CTX_TASK_ID='extract_raw_data' AIRFLOW_CTX_EXECUTION_DATE='2025-07-03T07:00:00+00:00' AIRFLOW_CTX_TRY_NUMBER='1' AIRFLOW_CTX_DAG_RUN_ID='scheduled__2025-07-03T07:00:00+00:00'
[2025-07-04T19:22:19.745+0000] {taskinstance.py:731} INFO - ::endgroup::
[2025-07-04T19:22:19.759+0000] {logging_mixin.py:190} INFO - Extrayendo datos crudos desde la fuente... 🛠️
[2025-07-04T19:22:19.800+0000] {logging_mixin.py:190} INFO - ✅ Archivo guardado como /opt/***/data/raw_data.csv
[2025-07-04T19:22:19.801+0000] {python.py:240} INFO - Done. Returned value was: None
[2025-07-04T19:22:19.817+0000] {taskinstance.py:340} INFO - ::group::Post task execution logs
[2025-07-04T19:22:19.818+0000] {taskinstance.py:352} INFO - Marking task as SUCCESS. dag_id=extract_raw_data_pipeline, task_id=extract_raw_data, run_id=scheduled__2025-07-03T07:00:00+00:00, execution_date=20250703T070000, start_date=20250704T192217, end_date=20250704T192219
[2025-07-04T19:22:19.893+0000] {local_task_job_runner.py:266} INFO - Task exited with return code 0
[2025-07-04T19:22:19.909+0000] {taskinstance.py:3900} INFO - 0 downstream tasks scheduled from follow-on schedule check
[2025-07-04T19:22:19.912+0000] {local_task_job_runner.py:245} INFO - ::endgroup::
